transport:
    host: localhost
    port: 8883
    authenticationKey: amqp
aas:
  server:
    port: 9001
    host: 127.0.0.1
    schema: HTTP
    path: 
  registry:
    port: 9002
    host: 127.0.0.1
    schema: HTTP
    path: registry
  implementation:
    port: 9003
    host: 127.0.0.1
    netmask: 
    schema: HTTP
    protocol: VAB-TCP
  persistence: INMEMORY
netMgr:
    netmask: 
runtimeStorage:
    endpoint: "http://localhost:8885"
    region: local
    accessKey: 
    secretAccessKey: 
    bucket: iip
    prefix: ecs
    packageDescriptor: runtime.yml
    packageFilename: runtime.zip
configStorage:
    endpoint: "http://localhost:8885"
    region: local
    accessKey: 
    secretAccessKey: 
    bucket: iip
    prefix: config
    packageDescriptor: config.yml
    packageFilename: config.zip
storageServer:
    port: 8885
    path: ""
    accessKey: 
    secretAccessKey: 
prometheus:
  server:
    schema: HTTP
    host: 127.0.0.1
    port: 9090
    running: false
  exporter: 
    schema: HTTP
    host: 127.0.0.1
    port: -1
    running: false
  alertMgr: 
    schema: HTTP
    host: 127.0.0.1
    port: 9091
    running: false
  scrapeInterval: 1001
  scrapeTimeout: 1000

artifactsFolder: artifacts
artifactsUriPrefix: 
