amqp:
    host: localhost
    port: 8883
    authenticationKey: amqp
transport:
    host: localhost
    port: 8883
    authenticationKey: amqp
aas:
  server:
    port: 9001
    host: 127.0.0.1
    schema: HTTP
    path: 
  registry:
    port: 9002
    host: 127.0.0.1
    schema: HTTP
    path: registry
  implementation:
    port: -1
    host: 127.0.0.1
    netmask: 
    schema: HTTP
    protocol: VAB-TCP
binders:
    properties:
       internal:
           type: amqpBinder
           environment:
               amqp:
                   host: localhost
                   port: 8883
                   authenticationKey: amqp
       external:
           type: amqpBinder
           environment:
               amqp:
                   host: localhost
                   port: 8883
                   authenticationKey: amqp
metricsprovider:
    schedulerrate: 3000
    memorybaseunit: kilobytes
    diskbaseunit: megabytes
management:
    health:
        binders:
            enabled: true
    endpoints:
        web:
            exposure:
                include: "metrics"
spring:
    main:
        banner-mode: off
    cloud:
        function:
            definition: createRoutingConnOut_myRoutingConnector;createRoutingTestData_myRoutingSource;processRoutingTestData_ParallelRoutingProcessor1;processRoutingTestData_ParallelRoutingProcessor2;processRoutingTestData_RoutingProcessor;receiveRoutingTestData_RoutingSink;transformRoutingTestDataRoutingTestData_ParallelRoutingProcessor3
        stream:
            poller:
                fixedDelay: 800
            default:
                contentType: application/iip
            defaultBinder: internal
            bindings:
             createRoutingTestData_myRoutingSource-out-0:
                destination: createRoutingTestData_myRoutingSource
             processRoutingTestData_ParallelRoutingProcessor1-in-0:
                destination: processRoutingTestData_RoutingProcessor
                producer: 
                  useNativeEncoding: true
             processRoutingTestData_ParallelRoutingProcessor2-in-0:
                destination: processRoutingTestData_RoutingProcessor
                producer: 
                  useNativeEncoding: true
             processRoutingTestData_RoutingProcessor-in-0:
                destination: createRoutingTestData_myRoutingSource
             receiveRoutingTestData_RoutingSink-in-0:
                destination: processRoutingTestData_ParallelRoutingProcessor1,processRoutingTestData_ParallelRoutingProcessor2,transformRoutingTestDataRoutingTestData_ParallelRoutingProcessor3
                producer: 
                  useNativeEncoding: true
             transformRoutingTestDataRoutingTestData_ParallelRoutingProcessor3-in-0:
                destination: processRoutingTestData_RoutingProcessor
                producer: 
                  useNativeEncoding: true
             transformRoutingTestDataRoutingTestData_ParallelRoutingProcessor3-out-0:
                destination: transformRoutingTestDataRoutingTestData_ParallelRoutingProcessor3
            binders:
                properties:
                   internal:
                       type: amqpBinder
                       environment:
                           amqp:
                               host: localhost
                               port: 8883
                               authenticationKey: amqp
                   external:
                       type: amqpBinder
                       environment:
                           amqp:
                               host: localhost
                               port: 8883
                               authenticationKey: amqp
