amqp:
    host: localhost
    port: 8883
    actionTimeout: 1000
    authenticationKey: amqp
transport:
    host: localhost
    port: 8883
    actionTimeout: 1000
    authenticationKey: amqp
    gatewayPort: -1
    netmask : 
monitoringUpdatePeriod: 2000
aas:
  server:
    port: 9001
    host: 127.0.0.1
    schema: HTTP
    path: 
  registry:
    port: 9002
    host: 127.0.0.1
    schema: HTTP
    path: registry
  implementation:
    port: -1
    host: 127.0.0.1
    netmask: 
    schema: TCP
    protocol: VAB-TCP
  accessControlAllowOrigin: "*"
binders:
    properties:
       internal:
           type: amqpBinder
           environment:
               amqp:
                   host: localhost
                   port: 8883
                   actionTimeout: 1000
                   authenticationKey: amqp
       external:
           type: amqpBinder
           environment:
               amqp:
                   host: localhost
                   port: 8883
                   actionTimeout: 1000
                   authenticationKey: amqp
logging: 
   level: 
     org: 
       springframework: 
         cloud: DEBUG 
         integration: DEBUG
metricsprovider:
    schedulerrate: 3000
    memorybaseunit: kilobytes
    diskbaseunit: megabytes
management:
    health:
        binders:
            enabled: true
    endpoints:
        web:
            exposure:
                include: "metrics"
spring:
    main:
        banner-mode: off
    cloud:
        function:
            definition: createMyConnPltfIn_myMqttConn;createMyConnPltfIn_myOpcConn;createString_mySource;processRtsaTestInput_myRtsa;receiveRtsaTestOutput_aasSink;transformRec1RtsaTestInput_myKiFamily
        stream:
            default:
                contentType: application/iip
            defaultBinder: internal
            bindings:
             processRtsaTestInput_myRtsa-in-0:
                destination: data_transformRtsaTestInput_myKiFamily_myApp
             receiveRtsaTestOutput_aasSink-in-0:
                destination: data_processRtsaTestOutput_myRtsa_myApp
                producer: 
                  useNativeEncoding: true
             transformRec1RtsaTestInput_myKiFamily-in-0:
                destination: data_processRec1_myAnonymizer_myApp
                producer: 
                  useNativeEncoding: true
             transformRec1RtsaTestInput_myKiFamily-out-0:
                destination: data_transformRtsaTestInput_myKiFamily_myApp
            binders:
                properties:
                   internal:
                       type: amqpBinder
                       environment:
                           amqp:
                               host: localhost
                               port: 8883
                               actionTimeout: 1000
                               authenticationKey: amqp
                   external:
                       type: amqpBinder
                       environment:
                           amqp:
                               host: localhost
                               port: 8883
                               actionTimeout: 1000
                               authenticationKey: amqp
