<project xmlns="http://maven.apache.org/POM/4.0.0" xmlns:xsi="http://www.w3.org/2001/XMLSchema-instance" xsi:schemaLocation="http://maven.apache.org/POM/4.0.0 http://maven.apache.org/xsd/maven-4.0.0.xsd">
    <modelVersion>4.0.0</modelVersion>
    <artifactId>monitoring.exec</artifactId>
    <packaging>jar</packaging>
    <name>ConfiguredPlatformMonitoringInstance</name>
    <description>Configured platform monitoring instance</description>
    <parent>
        <groupId>de.iip-ecosphere.platform</groupId>
        <artifactId>platformDependencies</artifactId>
        <version>0.5.0-SNAPSHOT</version>
    </parent>
    <dependencies>
        <dependency>
            <groupId>de.iip-ecosphere.platform</groupId>
            <artifactId>support.aas.basyx</artifactId>
            <version>${project.version}</version>
            <exclusions>
                <exclusion>
                    <groupId>org.apache.tomcat</groupId>
                    <artifactId>tomcat-catalina</artifactId>
                </exclusion>
            </exclusions>
        </dependency>
        <dependency>
            <groupId>de.iip-ecosphere.platform</groupId>
            <artifactId>transport.amqp</artifactId>
            <version>${project.version}</version>
        </dependency>
        <dependency>
            <groupId>io.micrometer</groupId>
            <artifactId>micrometer-registry-prometheus</artifactId>
            <version>1.8.3</version>
        </dependency>
        <dependency>
            <groupId>de.iip-ecosphere.platform</groupId>
            <artifactId>monitoring.prometheus</artifactId>
            <version>${project.version}</version>
        </dependency>
        <dependency>
            <groupId>de.iip-ecosphere.platform</groupId>
            <artifactId>monitoring</artifactId>
            <version>${project.version}</version>
        </dependency>
        <dependency>
            <groupId>javax.activation</groupId>
            <artifactId>javax.activation-api</artifactId>
        </dependency>
        <dependency>
            <groupId>junit</groupId>
            <artifactId>junit</artifactId>
            <version>4.12</version>
            <scope>test</scope>
        </dependency>
    </dependencies>
    <build>
        <plugins>
            <plugin>
                <groupId>org.apache.maven.plugins</groupId>
                <artifactId>maven-jar-plugin</artifactId>
                <version>2.3</version>
                <configuration>
                    <archive>
                        <manifest>
                            <mainClass>de.iip_ecosphere.platform.support.LifecycleHandler$WaitingStarter</mainClass>
                        </manifest>
                    </archive>
                </configuration>
            </plugin>
            <plugin>
                <groupId>org.apache.maven.plugins</groupId>
                <artifactId>maven-dependency-plugin</artifactId>
                <version>3.2.0</version>
                <executions>
                    <execution>
                        <id>copy-dependencies</id>
                        <goals>
                            <goal>copy-dependencies</goal>
                        </goals>
                        <phase>package</phase>
                        <configuration>
                            <prependGroupId>true</prependGroupId>
                            <outputDirectory>../monJars</outputDirectory>
                            <overWriteReleases>false</overWriteReleases>
                            <overWriteSnapshots>true</overWriteSnapshots>
                            <overWriteIfNewer>true</overWriteIfNewer>
                        </configuration>
                    </execution>
                    <execution>
                        <id>copy-self</id>
                        <goals>
                            <goal>copy</goal>
                        </goals>
                        <phase>install</phase>
                        <configuration>
                            <artifactItems>
                                <artifactItem>
                                    <groupId>${project.groupId}</groupId>
                                    <artifactId>${project.artifactId}</artifactId>
                                    <version>${project.version}</version>
                                    <type>${project.packaging}</type>
                                </artifactItem>
                            </artifactItems>
                            <prependGroupId>true</prependGroupId>
                            <outputDirectory>../monJars</outputDirectory>
                        </configuration>
                    </execution>
                </executions>
            </plugin>
            <plugin>
                <groupId>org.apache.maven.plugins</groupId>
                <artifactId>maven-compiler-plugin</artifactId>
                <version>3.7.0</version>
                <configuration>
                    <source>1.8</source>
                    <target>1.8</target>
                    <encoding>Cp1252</encoding>
                </configuration>
            </plugin>
            <plugin>
                <groupId>org.apache.maven.plugins</groupId>
                <artifactId>maven-surefire-plugin</artifactId>
                <version>3.0.0-M3</version>
                <configuration>
                    <includes>
                        <include>**/AllTests.class</include>
                    </includes>
                    <skipTests>true</skipTests>
                    <forkCount>0</forkCount>
                </configuration>
                <dependencies>
                    <dependency>
                        <groupId>org.apache.maven.surefire</groupId>
                        <artifactId>surefire-junit47</artifactId>
                        <version>3.0.0-M3</version>
                    </dependency>
                </dependencies>
            </plugin>
            <plugin>
                <groupId>org.apache.maven.plugins</groupId>
                <artifactId>maven-resources-plugin</artifactId>
                <version>3.2.0</version>
                <executions>
                    <execution>
                        <id>sw-res</id>
                        <goals>
                            <goal>copy-resources</goal>
                        </goals>
                        <phase>validate</phase>
                        <configuration>
                            <outputDirectory>${project.build.outputDirectory}/resources</outputDirectory>
                            <resources>
                                <resource>
                                    <directory>./resources/software</directory>
                                    <filtering>false</filtering>
                                    <include>*.yml</include>
                                    <include>*.png</include>
                                    <include>*.jpg</include>
                                </resource>
                            </resources>
                        </configuration>
                    </execution>
                    <execution>
                        <id>platf-res</id>
                        <goals>
                            <goal>copy-resources</goal>
                        </goals>
                        <phase>validate</phase>
                        <configuration>
                            <outputDirectory>${project.build.outputDirectory}/resources</outputDirectory>
                            <resources>
                                <resource>
                                    <directory>./resources/platform</directory>
                                    <filtering>false</filtering>
                                    <include>*.yml</include>
                                    <include>*.png</include>
                                    <include>*.jpg</include>
                                </resource>
                            </resources>
                        </configuration>
                    </execution>
                </executions>
            </plugin>
        </plugins>
    </build>
</project>
