name: SimpleMeshTestingApp3
identities:
  amqp: 
     type: USERNAME
     userName: user
     tokenData: pwd
     tokenEncryptionAlgorithm: UTF-8
