amqp:
    host: localhost
    port: 8883
    actionTimeout: 1000
    authenticationKey: amqp
transport:
    host: localhost
    port: 8883
    actionTimeout: 1000
    authenticationKey: amqp
    gatewayPort: -1
    netmask : 
monitoringUpdatePeriod: 2000
aas:
  server:
    port: 9001
    host: 127.0.0.1
    schema: HTTP
    path: 
  registry:
    port: 9002
    host: 127.0.0.1
    schema: HTTP
    path: registry
  implementation:
    port: -1
    host: 127.0.0.1
    netmask: 
    schema: TCP
    protocol: VAB-TCP
  accessControlAllowOrigin: "*"
binders:
    properties:
       internal:
           type: amqpBinder
           environment:
               amqp:
                   host: localhost
                   port: 8883
                   actionTimeout: 1000
                   authenticationKey: amqp
       external:
           type: amqpBinder
           environment:
               amqp:
                   host: localhost
                   port: 8883
                   actionTimeout: 1000
                   authenticationKey: amqp
metricsprovider:
    schedulerrate: 3000
    memorybaseunit: kilobytes
    diskbaseunit: megabytes
management:
    health:
        binders:
            enabled: true
    endpoints:
        web:
            exposure:
                include: "metrics"
spring:
    main:
        banner-mode: off
    cloud:
        function:
            definition: createKRec13_SimpleKodexSource;processKRec13_Pseudonymizer;receiveKRec13Anon_KodexReceiver;transformKRec13AnonKRec13Anon_KodexPythonService
        stream:
            poller:
                fixedDelay: 800
            default:
                contentType: application/iip
            defaultBinder: internal
            bindings:
             createKRec13_SimpleKodexSource-out-0:
                destination: data_createKRec13_SimpleKodexSource_KodexMeshApp
             processKRec13_Pseudonymizer-in-0:
                destination: data_createKRec13_SimpleKodexSource_KodexMeshApp
             receiveKRec13Anon_KodexReceiver-in-0:
                destination: data_transformKRec13AnonKRec13Anon_KodexPythonService_KodexMeshApp
             transformKRec13AnonKRec13Anon_KodexPythonService-in-0:
                destination: data_processKRec13Anon_Pseudonymizer_KodexMeshApp
                producer: 
                  useNativeEncoding: true
             transformKRec13AnonKRec13Anon_KodexPythonService-out-0:
                destination: data_transformKRec13AnonKRec13Anon_KodexPythonService_KodexMeshApp
            binders:
                properties:
                   internal:
                       type: amqpBinder
                       environment:
                           amqp:
                               host: localhost
                               port: 8883
                               actionTimeout: 1000
                               authenticationKey: amqp
                   external:
                       type: amqpBinder
                       environment:
                           amqp:
                               host: localhost
                               port: 8883
                               actionTimeout: 1000
                               authenticationKey: amqp
