amqp:
  host: localhost
  port: 8883
  actionTimeout: 1000
  authenticationKey: amqp
transport:
  host: localhost
  port: 8883
  actionTimeout: 1000
  authenticationKey: amqp
  gatewayPort: 10000
monitoringUpdatePeriod: 2000
aas:
  server:
    port: 9001
    host: 127.0.0.1
    schema: HTTP
  registry:
    port: 9002
    host: 127.0.0.1
    schema: HTTP
    path: registry
  implementation:
    port: -1
    host: 127.0.0.1
    schema: TCP
    protocol: VAB-TCP
binders:
  properties:
    internal:
      type: amqpBinder
      environment:
        amqp:
          host: localhost
          port: 8883
          actionTimeout: 1000
          authenticationKey: amqp
    external:
      type: amqpBinder
      environment:
        amqp:
          host: localhost
          port: 8883
          actionTimeout: 1000
          authenticationKey: amqp
metricsprovider:
  schedulerrate: 3000
  memorybaseunit: kilobytes
  diskbaseunit: megabytes
management:
  health:
    binders:
      enabled: true
  endpoints:
    web:
      exposure:
        include: metrics
spring:
  main:
    banner-mode: 'off'
  cloud:
    function:
      definition: createSentronOutput_SentronModbusConn
    stream:
      default:
        contentType: application/iip
      defaultBinder: internal
      binders:
        properties:
          internal:
            type: amqpBinder
            environment:
              amqp:
                host: localhost
                port: 8883
                actionTimeout: 1000
                authenticationKey: amqp
          external:
            type: amqpBinder
            environment:
              amqp:
                host: localhost
                port: 8883
                actionTimeout: 1000
                authenticationKey: amqp
