<project xmlns="http://maven.apache.org/POM/4.0.0" xmlns:xsi="http://www.w3.org/2001/XMLSchema-instance" xsi:schemaLocation="http://maven.apache.org/POM/4.0.0 http://maven.apache.org/xsd/maven-4.0.0.xsd">
    <modelVersion>4.0.0</modelVersion>
    <artifactId>MyAppExample</artifactId>
    <packaging>jar</packaging>
    <name>MyAppExample</name>
    <groupId>de.iip-ecosphere.platform.apps</groupId>
    <version>0.1.0-SNAPSHOT</version>
    <parent>
        <groupId>de.iip-ecosphere.platform</groupId>
        <artifactId>platformDependencies</artifactId>
        <version>0.3.0-SNAPSHOT</version>
    </parent>
    <properties>
        <maven.jar.forceCreation>true</maven.jar.forceCreation>
    </properties>
    <dependencies>
        <dependency>
            <groupId>de.iip-ecosphere.platform</groupId>
            <artifactId>transport</artifactId>
            <version>0.3.0-SNAPSHOT</version>
        </dependency>
        <dependency>
            <groupId>de.iip-ecosphere.platform</groupId>
            <artifactId>services.environment</artifactId>
            <version>0.3.0-SNAPSHOT</version>
        </dependency>
        <dependency>
            <groupId>de.iip-ecosphere.platform</groupId>
            <artifactId>services.environment.spring</artifactId>
            <version>0.3.0-SNAPSHOT</version>
        </dependency>
        <dependency>
            <groupId>org.springframework.boot</groupId>
            <artifactId>spring-boot-starter-web</artifactId>
        </dependency>
        <dependency>
            <groupId>org.springframework.boot</groupId>
            <artifactId>spring-boot-starter-actuator</artifactId>
        </dependency>
        <dependency>
            <groupId>de.iip-ecosphere.platform</groupId>
            <artifactId>transport.amqp</artifactId>
            <version>0.3.0-SNAPSHOT</version>
        </dependency>
        <dependency>
            <groupId>de.iip-ecosphere.platform</groupId>
            <artifactId>transport.spring.amqp</artifactId>
            <version>0.3.0-SNAPSHOT</version>
        </dependency>
        <dependency>
            <groupId>de.iip-ecosphere.platform</groupId>
            <artifactId>support.aas.basyx</artifactId>
            <version>0.3.0-SNAPSHOT</version>
            <exclusions>
                <exclusion>
                    <groupId>javax.el</groupId>
                    <artifactId>el-api</artifactId>
                </exclusion>
            </exclusions>
        </dependency>
        <dependency>
            <groupId>de.iip-ecosphere.platform</groupId>
            <artifactId>connectors.mqttv3</artifactId>
            <version>0.3.0-SNAPSHOT</version>
        </dependency>
        <dependency>
            <groupId>de.iip-ecosphere.platform</groupId>
            <artifactId>connectors.opcuav1</artifactId>
            <version>0.3.0-SNAPSHOT</version>
        </dependency>
    </dependencies>
    <build>
        <plugins>
            <plugin>
                <groupId>org.apache.maven.plugins</groupId>
                <artifactId>maven-assembly-plugin</artifactId>
                <version>3.1.1</version>
                <executions>
                    <execution>
                        <id>appPython</id>
                        <phase>test</phase>
                        <goals>
                            <goal>single</goal>
                        </goals>
                        <configuration>
                            <descriptors>
                                <descriptor>src/main/assembly/python.xml</descriptor>
                            </descriptors>
                            <outputDirectory>${project.build.directory}/classes</outputDirectory>
                            <attach>false</attach>
                            <finalName>python</finalName>
                            <appendAssemblyId>false</appendAssemblyId>
                        </configuration>
                    </execution>
                    <execution>
                        <id>interfaces</id>
                        <phase>package</phase>
                        <goals>
                            <goal>single</goal>
                        </goals>
                        <configuration>
                            <descriptors>
                                <descriptor>src/main/assembly/javaInterfaces.xml</descriptor>
                            </descriptors>
                            <outputDirectory>${project.build.directory}</outputDirectory>
                            <attach>true</attach>
                        </configuration>
                    </execution>
                </executions>
            </plugin>
            <plugin>
                <groupId>org.springframework.boot</groupId>
                <artifactId>spring-boot-maven-plugin</artifactId>
                <version>2.4.2</version>
                <configuration>
                    <addResources>false</addResources>
                </configuration>
                <executions>
                    <execution>
                        <goals>
                            <goal>repackage</goal>
                        </goals>
                        <configuration>
                            <mainClass>iip.Starter</mainClass>
                        </configuration>
                    </execution>
                </executions>
            </plugin>
            <plugin>
                <groupId>org.apache.maven.plugins</groupId>
                <artifactId>maven-dependency-plugin</artifactId>
                <version>3.2.0</version>
                <executions>
                    <execution>
                        <id>unpack</id>
                        <goals>
                            <goal>unpack</goal>
                        </goals>
                        <phase>process-sources</phase>
                        <configuration>
                            <artifactItems>
                                <artifactItem>
                                    <groupId>de.iip-ecosphere.platform</groupId>
                                    <artifactId>services.environment</artifactId>
                                    <version>0.3.0-SNAPSHOT</version>
                                    <type>zip</type>
                                    <classifier>python</classifier>
                                    <overWrite>true</overWrite>
                                    <outputDirectory>${project.basedir}/src/main/python</outputDirectory>
                                    <destFileName>pythonEnv.zip</destFileName>
                                </artifactItem>
                            </artifactItems>
                        </configuration>
                    </execution>
                </executions>
            </plugin>
        </plugins>
    </build>
</project>
