"""test comment"""

a = 42069
b: str = "some string"
