<project xmlns="http://maven.apache.org/POM/4.0.0" xmlns:xsi="http://www.w3.org/2001/XMLSchema-instance" xsi:schemaLocation="http://maven.apache.org/POM/4.0.0 http://maven.apache.org/xsd/maven-4.0.0.xsd">
    <modelVersion>4.0.0</modelVersion>
    <artifactId>SimpleKodexTestingApp</artifactId>
    <packaging>jar</packaging>
    <name>SimpleKodexTestingApp</name>
    <groupId>de.iip-ecosphere.platform.apps</groupId>
    <version>0.1.0-SNAPSHOT</version>
    <parent>
        <groupId>de.iip-ecosphere.platform</groupId>
        <artifactId>platformDependencies</artifactId>
        <version>0.7.0-SNAPSHOT</version>
        <relativePath/>
    </parent>
    <properties>
        <maven.jar.forceCreation>true</maven.jar.forceCreation>
    </properties>
    <dependencies>
        <dependency>
            <groupId>org.apache.logging.log4j</groupId>
            <artifactId>log4j-api</artifactId>
            <version>2.15.0</version>
        </dependency>
        <dependency>
            <groupId>org.apache.logging.log4j</groupId>
            <artifactId>log4j-core</artifactId>
            <version>2.15.0</version>
        </dependency>
        <dependency>
            <groupId>de.iip-ecosphere.platform</groupId>
            <artifactId>support</artifactId>
            <version>0.7.0-SNAPSHOT</version>
        </dependency>
        <dependency>
            <groupId>de.iip-ecosphere.platform</groupId>
            <artifactId>support.aas</artifactId>
            <version>0.7.0-SNAPSHOT</version>
        </dependency>
        <dependency>
            <groupId>de.iip-ecosphere.platform</groupId>
            <artifactId>transport</artifactId>
            <version>0.7.0-SNAPSHOT</version>
        </dependency>
        <dependency>
            <groupId>de.iip-ecosphere.platform</groupId>
            <artifactId>connectors</artifactId>
            <version>0.7.0-SNAPSHOT</version>
        </dependency>
        <dependency>
            <groupId>de.iip-ecosphere.platform</groupId>
            <artifactId>services.environment</artifactId>
            <version>0.7.0-SNAPSHOT</version>
        </dependency>
        <dependency>
            <groupId>de.iip-ecosphere.platform</groupId>
            <artifactId>services.environment.spring</artifactId>
            <version>0.7.0-SNAPSHOT</version>
        </dependency>
        <dependency>
            <groupId>org.springframework.boot</groupId>
            <artifactId>spring-boot-starter-web</artifactId>
        </dependency>
        <dependency>
            <groupId>org.springframework.boot</groupId>
            <artifactId>spring-boot-starter-actuator</artifactId>
        </dependency>
        <dependency>
            <groupId>de.iip-ecosphere.platform</groupId>
            <artifactId>transport.amqp</artifactId>
            <version>0.7.0-SNAPSHOT</version>
        </dependency>
        <dependency>
            <groupId>de.iip-ecosphere.platform</groupId>
            <artifactId>transport.spring.amqp</artifactId>
            <version>0.7.0-SNAPSHOT</version>
        </dependency>
        <dependency>
            <groupId>de.iip-ecosphere.platform</groupId>
            <artifactId>support.aas.basyx</artifactId>
            <version>0.7.0-SNAPSHOT</version>
            <exclusions>
                <exclusion>
                    <groupId>javax.el</groupId>
                    <artifactId>el-api</artifactId>
                </exclusion>
                <exclusion>
                    <groupId>org.apache.tomcat</groupId>
                    <artifactId>tomcat-catalina</artifactId>
                </exclusion>
            </exclusions>
        </dependency>
        <dependency>
            <groupId>de.iip-ecosphere.platform</groupId>
            <artifactId>apps.AppInterfacesKodex</artifactId>
            <version>0.7.0-SNAPSHOT</version>
        </dependency>
        <dependency>
            <groupId>de.iip-ecosphere.platform</groupId>
            <artifactId>apps.AppInterfacesKodex</artifactId>
            <version>0.7.0-SNAPSHOT</version>
            <type>zip</type>
            <classifier>python</classifier>
        </dependency>
        <dependency>
            <groupId>de.iip-ecosphere.platform</groupId>
            <artifactId>apps.ServiceImpl</artifactId>
            <version>0.7.0-SNAPSHOT</version>
        </dependency>
        <dependency>
            <groupId>de.iip-ecosphere.platform</groupId>
            <artifactId>apps.ServiceImpl</artifactId>
            <version>0.7.0-SNAPSHOT</version>
            <type>zip</type>
            <classifier>python</classifier>
        </dependency>
        <dependency>
            <groupId>de.iip-ecosphere.platform</groupId>
            <artifactId>security.services.kodex</artifactId>
            <version>0.7.0-SNAPSHOT</version>
        </dependency>
        <dependency>
            <groupId>de.iip-ecosphere.platform</groupId>
            <artifactId>services.environment</artifactId>
            <version>0.7.0-SNAPSHOT</version>
            <type>zip</type>
            <classifier>python</classifier>
        </dependency>
        <dependency>
            <groupId>org.glassfish</groupId>
            <artifactId>jakarta.el</artifactId>
            <optional>false</optional>
        </dependency>
        <dependency>
            <groupId>org.springframework</groupId>
            <artifactId>spring-test</artifactId>
            <scope>test</scope>
        </dependency>
        <dependency>
            <groupId>junit</groupId>
            <artifactId>junit</artifactId>
            <scope>test</scope>
        </dependency>
        <dependency>
            <groupId>org.junit.jupiter</groupId>
            <artifactId>junit-jupiter-engine</artifactId>
            <scope>test</scope>
        </dependency>
        <dependency>
            <groupId>org.junit.platform</groupId>
            <artifactId>junit-platform-launcher</artifactId>
        </dependency>
        <dependency>
            <groupId>org.springframework.boot</groupId>
            <artifactId>spring-boot-test</artifactId>
            <scope>test</scope>
        </dependency>
        <dependency>
            <groupId>org.springframework.cloud</groupId>
            <artifactId>spring-cloud-stream</artifactId>
            <type>test-jar</type>
            <scope>test</scope>
            <classifier>test-binder</classifier>
        </dependency>
    </dependencies>
    <build>
        <plugins>
            <plugin>
                <groupId>org.apache.maven.plugins</groupId>
                <artifactId>maven-assembly-plugin</artifactId>
                <version>3.1.1</version>
                <executions>
                    <execution>
                        <id>kodex_pseudonymizer</id>
                        <phase>prepare-package</phase>
                        <goals>
                            <goal>single</goal>
                        </goals>
                        <configuration>
                            <descriptors>
                                <descriptor>src/main/assembly/kodex_pseudonymizer.xml</descriptor>
                            </descriptors>
                            <outputDirectory>${project.build.directory}/classes</outputDirectory>
                            <attach>true</attach>
                            <finalName>kodex_pseudonymizer</finalName>
                            <appendAssemblyId>false</appendAssemblyId>
                        </configuration>
                    </execution>
                    <execution>
                        <id>python_kodexPythonService</id>
                        <phase>prepare-package</phase>
                        <goals>
                            <goal>single</goal>
                        </goals>
                        <configuration>
                            <descriptors>
                                <descriptor>src/main/assembly/python_kodexPythonService.xml</descriptor>
                            </descriptors>
                            <outputDirectory>${project.build.directory}/classes</outputDirectory>
                            <attach>true</attach>
                            <finalName>python_kodexPythonService</finalName>
                            <appendAssemblyId>false</appendAssemblyId>
                        </configuration>
                    </execution>
                </executions>
            </plugin>
            <plugin>
                <groupId>org.springframework.boot</groupId>
                <artifactId>spring-boot-maven-plugin</artifactId>
                <version>2.4.2</version>
                <configuration>
                    <addResources>false</addResources>
                </configuration>
                <executions>
                    <execution>
                        <goals>
                            <goal>repackage</goal>
                        </goals>
                        <configuration>
                            <mainClass>iip.Starter</mainClass>
                            <classifier>bin</classifier>
                        </configuration>
                    </execution>
                </executions>
            </plugin>
            <plugin>
                <groupId>de.iip-ecosphere.platform</groupId>
                <artifactId>dependency-plugin</artifactId>
                <version>0.7.0-SNAPSHOT</version>
                <executions>
                    <execution>
                        <id>unpack-unpack</id>
                        <goals>
                            <goal>unpack</goal>
                        </goals>
                        <phase>process-sources</phase>
                        <configuration>
                            <artifactItems>
                                <artifactItem>
                                    <groupId>de.iip-ecosphere.platform</groupId>
                                    <artifactId>apps.ServiceImpl</artifactId>
                                    <version>0.7.0-SNAPSHOT</version>
                                    <type>zip</type>
                                    <classifier>artifacts</classifier>
                                    <overWrite>true</overWrite>
                                    <outputDirectory>${project.build.directory}/classes</outputDirectory>
                                    <destFileName>artifacts.zip</destFileName>
                                </artifactItem>
                            </artifactItems>
                        </configuration>
                    </execution>
                    <execution>
                        <id>copy-unpack</id>
                        <goals>
                            <goal>copy</goal>
                        </goals>
                        <phase>process-sources</phase>
                        <configuration>
                            <artifactItems>
                                <artifactItem>
                                    <groupId>de.iip-ecosphere.platform</groupId>
                                    <artifactId>security.services.kodex</artifactId>
                                    <version>0.7.0-SNAPSHOT</version>
                                    <type>zip</type>
                                    <classifier>bin</classifier>
                                    <overWrite>true</overWrite>
                                    <outputDirectory>${project.build.directory}/classes</outputDirectory>
                                    <destFileName>kodex.zip</destFileName>
                                </artifactItem>
                            </artifactItems>
                        </configuration>
                    </execution>
                    <execution>
                        <id>build-classpath</id>
                        <phase>prepare-package</phase>
                        <goals>
                            <goal>build-classpath</goal>
                        </goals>
                        <configuration>
                            <outputFile>${project.build.directory}/classes/classpath</outputFile>
                            <prependGroupId>false</prependGroupId>
                            <overWriteIfNewer>true</overWriteIfNewer>
                            <localRepoProperty>jars</localRepoProperty>
                            <prefix>jars</prefix>
                            <fileSeparator>/</fileSeparator>
                            <pathSeparator>:</pathSeparator>
                            <includeScope>runtime</includeScope>
                        </configuration>
                    </execution>
                </executions>
            </plugin>
            <plugin>
                <groupId>org.apache.maven.plugins</groupId>
                <artifactId>maven-resources-plugin</artifactId>
                <version>3.2.0</version>
                <executions>
                    <execution>
                        <id>platf-res</id>
                        <goals>
                            <goal>copy-resources</goal>
                        </goals>
                        <phase>validate</phase>
                        <configuration>
                            <outputDirectory>${project.build.outputDirectory}/resources</outputDirectory>
                            <resources>
                                <resource>
                                    <directory>./resources/platform</directory>
                                    <filtering>false</filtering>
                                    <include>*.jpg</include>
                                    <include>*.png</include>
                                    <include>*.yml</include>
                                </resource>
                            </resources>
                        </configuration>
                    </execution>
                    <execution>
                        <id>sw-res</id>
                        <goals>
                            <goal>copy-resources</goal>
                        </goals>
                        <phase>validate</phase>
                        <configuration>
                            <outputDirectory>${project.build.outputDirectory}/resources</outputDirectory>
                            <resources>
                                <resource>
                                    <directory>./resources/software</directory>
                                    <filtering>false</filtering>
                                    <include>*.jpg</include>
                                    <include>*.png</include>
                                    <include>*.yml</include>
                                </resource>
                            </resources>
                        </configuration>
                    </execution>
                </executions>
            </plugin>
            <plugin>
                <groupId>org.apache.maven.plugins</groupId>
                <artifactId>maven-clean-plugin</artifactId>
                <version>2.5</version>
                <executions>
                    <execution>
                        <id>auto-clean</id>
                        <phase>initialize</phase>
                        <goals>
                            <goal>clean</goal>
                        </goals>
                        <configuration>
                            <excludeDefaultDirectories>true</excludeDefaultDirectories>
                            <filesets>
                                <fileset>
                                    <directory>${project.build.directory}</directory>
                                    <includes>
                                        <include>*-bin.jar</include>
                                        <include>*-spring.jar</include>
                                    </includes>
                                </fileset>
                            </filesets>
                        </configuration>
                    </execution>
                </executions>
            </plugin>
        </plugins>
    </build>
</project>
