<project xmlns="http://maven.apache.org/POM/4.0.0" xmlns:xsi="http://www.w3.org/2001/XMLSchema-instance" xsi:schemaLocation="http://maven.apache.org/POM/4.0.0 http://maven.apache.org/xsd/maven-4.0.0.xsd">
    <modelVersion>4.0.0</modelVersion>
    <artifactId>RoutingTestAppServices</artifactId>
    <packaging>jar</packaging>
    <name>RoutingTestApp-services</name>
    <description>Implementation of Routing Test App</description>
    <groupId>de.iip-ecosphere.platform.apps</groupId>
    <version>0.1.0-SNAPSHOT</version>
    <parent>
        <groupId>de.iip-ecosphere.platform</groupId>
        <artifactId>platformDependencies</artifactId>
        <version>0.5.0-SNAPSHOT</version>
    </parent>
    <!--Template application/service implementation POM.-->
    <profiles>
        <profile>
            <id>App</id>
            <activation>
                <activeByDefault>true</activeByDefault>
            </activation>
            <dependencies>
                <dependency>
                    <groupId>de.iip-ecosphere.platform</groupId>
                    <artifactId>apps.AppInterfacesRoutingTest</artifactId>
                    <version>0.5.0-SNAPSHOT</version>
                    <exclusions>
                        <exclusion>
                            <groupId>org.springframework.boot</groupId>
                            <artifactId>spring-boot-starter-web</artifactId>
                        </exclusion>
                        <exclusion>
                            <groupId>org.springframework.boot</groupId>
                            <artifactId>spring-boot-starter-actuator</artifactId>
                        </exclusion>
                        <exclusion>
                            <groupId>org.springframework.boot</groupId>
                            <artifactId>spring-boot</artifactId>
                        </exclusion>
                    </exclusions>
                </dependency>
                <dependency>
                    <groupId>de.iip-ecosphere.platform.apps</groupId>
                    <artifactId>RoutingTestApp</artifactId>
                    <version>0.1.0-SNAPSHOT</version>
                    <exclusions>
                        <exclusion>
                            <groupId>org.springframework.boot</groupId>
                            <artifactId>spring-boot-starter-web</artifactId>
                        </exclusion>
                        <exclusion>
                            <groupId>org.springframework.boot</groupId>
                            <artifactId>spring-boot-starter-actuator</artifactId>
                        </exclusion>
                    </exclusions>
                </dependency>
                <dependency>
                    <groupId>de.iip-ecosphere.platform.apps</groupId>
                    <artifactId>RoutingTestApp</artifactId>
                    <version>0.1.0-SNAPSHOT</version>
                    <type>test-jar</type>
                    <scope>test</scope>
                </dependency>
                <!--Your other plugins extending/overriding the parent build plugins go here or after.-->
            </dependencies>
            <build>
                <plugins>
                    <plugin>
                        <groupId>org.apache.maven.plugins</groupId>
                        <artifactId>maven-assembly-plugin</artifactId>
                        <version>3.1.1</version>
                        <executions/>
                    </plugin>
                    <plugin>
                        <groupId>org.codehaus.mojo</groupId>
                        <artifactId>exec-maven-plugin</artifactId>
                        <version>3.0.0</version>
                        <executions>
                            <execution>
                                <id>MyRoutingConnectorTest</id>
                                <configuration>
                                    <mainClass>iip.nodes.MyRoutingConnectorTest</mainClass>
                                    <classpathFilenameExclusions>transport.amqp-0.5.0-SNAPSHOT.jar</classpathFilenameExclusions>
                                    <classpathScope>test</classpathScope>
                                </configuration>
                            </execution>
                            <execution>
                                <id>MyRoutingSourceTest</id>
                                <configuration>
                                    <mainClass>iip.nodes.MyRoutingSourceTest</mainClass>
                                    <classpathFilenameExclusions>transport.amqp-0.5.0-SNAPSHOT.jar</classpathFilenameExclusions>
                                    <classpathScope>test</classpathScope>
                                </configuration>
                            </execution>
                            <execution>
                                <id>ParallelRoutingProcessor1Test</id>
                                <configuration>
                                    <mainClass>iip.nodes.ParallelRoutingProcessor1Test</mainClass>
                                    <classpathFilenameExclusions>transport.amqp-0.5.0-SNAPSHOT.jar</classpathFilenameExclusions>
                                    <classpathScope>test</classpathScope>
                                </configuration>
                            </execution>
                            <execution>
                                <id>ParallelRoutingProcessor2Test</id>
                                <configuration>
                                    <mainClass>iip.nodes.ParallelRoutingProcessor2Test</mainClass>
                                    <classpathFilenameExclusions>transport.amqp-0.5.0-SNAPSHOT.jar</classpathFilenameExclusions>
                                    <classpathScope>test</classpathScope>
                                </configuration>
                            </execution>
                            <execution>
                                <id>ParallelRoutingProcessor3Test</id>
                                <configuration>
                                    <mainClass>iip.nodes.ParallelRoutingProcessor3Test</mainClass>
                                    <classpathFilenameExclusions>transport.amqp-0.5.0-SNAPSHOT.jar</classpathFilenameExclusions>
                                    <classpathScope>test</classpathScope>
                                </configuration>
                            </execution>
                            <execution>
                                <id>RoutingProcessorTest</id>
                                <configuration>
                                    <mainClass>iip.nodes.RoutingProcessorTest</mainClass>
                                    <classpathFilenameExclusions>transport.amqp-0.5.0-SNAPSHOT.jar</classpathFilenameExclusions>
                                    <classpathScope>test</classpathScope>
                                </configuration>
                            </execution>
                            <execution>
                                <id>RoutingSinkTest</id>
                                <configuration>
                                    <mainClass>iip.nodes.RoutingSinkTest</mainClass>
                                    <classpathFilenameExclusions>transport.amqp-0.5.0-SNAPSHOT.jar</classpathFilenameExclusions>
                                    <classpathScope>test</classpathScope>
                                </configuration>
                            </execution>
                            <execution>
                                <id>App</id>
                                <configuration>
                                    <mainClass>de.iip_ecosphere.platform.examples.SpringStartup</mainClass>
                                    <arguments>
                                        <argument>&lt;put relative location of integrated, generated application here&gt;</argument>
                                    </arguments>
                                    <classpathScope>test</classpathScope>
                                </configuration>
                            </execution>
                        </executions>
                    </plugin>
                </plugins>
            </build>
        </profile>
    </profiles>
    <dependencies>
        <!--Due to required exclusions, this dependency must be repeated as early as possible. Typically, it does not conflict with usual dependencies in profiles.-->
        <dependency>
            <groupId>org.glassfish</groupId>
            <artifactId>jakarta.el</artifactId>
            <scope>test</scope>
        </dependency>
        <dependency>
            <groupId>de.iip-ecosphere.platform</groupId>
            <artifactId>services.environment</artifactId>
            <version>0.5.0-SNAPSHOT</version>
        </dependency>
        <dependency>
            <groupId>de.iip-ecosphere.platform</groupId>
            <artifactId>services.environment.spring</artifactId>
            <version>0.5.0-SNAPSHOT</version>
        </dependency>
        <dependency>
            <groupId>de.iip-ecosphere.platform</groupId>
            <artifactId>kiServices.functions</artifactId>
            <version>0.5.0-SNAPSHOT</version>
        </dependency>
        <dependency>
            <groupId>de.iip-ecosphere.platform</groupId>
            <artifactId>examples</artifactId>
            <version>0.5.0-SNAPSHOT</version>
            <exclusions>
                <exclusion>
                    <groupId>de.iip-ecosphere.platform</groupId>
                    <artifactId>services.spring</artifactId>
                </exclusion>
            </exclusions>
        </dependency>
        <!--Remaining global dependencies go here.-->
        <dependency>
            <groupId>junit</groupId>
            <artifactId>junit</artifactId>
            <scope>test</scope>
        </dependency>
        <!--Initially, fixed protocol-->
        <dependency>
            <groupId>de.iip-ecosphere.platform</groupId>
            <artifactId>support.aas.basyx</artifactId>
            <version>0.5.0-SNAPSHOT</version>
        </dependency>
        <dependency>
            <groupId>de.iip-ecosphere.platform</groupId>
            <artifactId>transport</artifactId>
            <version>0.5.0-SNAPSHOT</version>
            <type>test-jar</type>
            <scope>test</scope>
        </dependency>
        <dependency>
            <groupId>de.iip-ecosphere.platform</groupId>
            <artifactId>transport.amqp</artifactId>
            <version>0.5.0-SNAPSHOT</version>
        </dependency>
        <dependency>
            <groupId>de.iip-ecosphere.platform</groupId>
            <artifactId>services.spring</artifactId>
            <version>0.5.0-SNAPSHOT</version>
            <scope>test</scope>
        </dependency>
        <dependency>
            <groupId>org.springframework</groupId>
            <artifactId>spring-test</artifactId>
            <scope>test</scope>
        </dependency>
        <dependency>
            <groupId>org.springframework.boot</groupId>
            <artifactId>spring-boot-test</artifactId>
            <scope>test</scope>
        </dependency>
        <dependency>
            <groupId>org.springframework.cloud</groupId>
            <artifactId>spring-cloud-stream</artifactId>
            <type>test-jar</type>
            <scope>test</scope>
            <classifier>test-binder</classifier>
        </dependency>
        <!--Remaining test dependencies go here.-->
    </dependencies>
</project>
