<assembly xmlns="http://maven.apache.org/plugins/maven-assembly-plugin/assembly/1.1.3" xmlns:xsi="http://www.w3.org/2001/XMLSchema-instance" xsi:schemaLocation="http://maven.apache.org/plugins/maven-assembly-plugin/assembly/1.1.3 http://maven.apache.org/xsd/assembly-1.1.3.xsd">
    <id>python</id>
    <formats>
        <format>zip</format>
    </formats>
    <baseDirectory>iip</baseDirectory>
    <includeBaseDirectory>false</includeBaseDirectory>
    <dependencySets>
        <dependencySet>
            <includes>
                <include>de.iip-ecosphere.platform:services.environment:zip:python:0.7.1-SNAPSHOT</include>
                <include>de.iip-ecosphere.platform:apps.ServiceImpl:zip:python:0.7.1-SNAPSHOT</include>
                <include>de.iip-ecosphere.platform:apps.AppInterfacesKodex:zip:python:0.7.1-SNAPSHOT</include>
            </includes>
            <unpack>true</unpack>
        </dependencySet>
    </dependencySets>
    <fileSets>
        <fileSet>
            <directory>${project.basedir}/src/main/python</directory>
            <outputDirectory/>
            <includes>
                <include>**/*.*</include>
            </includes>
            <useDefaultExcludes>true</useDefaultExcludes>
        </fileSet>
    </fileSets>
</assembly>
