<project xmlns="http://maven.apache.org/POM/4.0.0" xmlns:xsi="http://www.w3.org/2001/XMLSchema-instance" xsi:schemaLocation="http://maven.apache.org/POM/4.0.0 http://maven.apache.org/xsd/maven-4.0.0.xsd">
    <modelVersion>4.0.0</modelVersion>
    <artifactId>ecsServices.exec-bitmotec</artifactId>
    <packaging>jar</packaging>
    <name>ConfiguredEcsServiceControl</name>
    <description>Configured ECS Runtime for small resources, no container manager, but service control</description>
    <parent>
        <groupId>de.iip-ecosphere.platform</groupId>
        <artifactId>platformDependencies</artifactId>
        <version>0.7.0-SNAPSHOT</version>
        <relativePath/>
    </parent>
    <dependencies>
        <dependency>
            <groupId>de.iip-ecosphere.platform</groupId>
            <artifactId>support</artifactId>
            <version>${project.version}</version>
        </dependency>
        <dependency>
            <groupId>de.iip-ecosphere.platform</groupId>
            <artifactId>ecsRuntime</artifactId>
            <version>${project.version}</version>
        </dependency>
        <dependency>
            <groupId>de.iip-ecosphere.platform</groupId>
            <artifactId>services</artifactId>
            <version>${project.version}</version>
        </dependency>
        <dependency>
            <groupId>de.iip-ecosphere.platform</groupId>
            <artifactId>services.spring</artifactId>
            <version>${project.version}</version>
        </dependency>
        <dependency>
            <groupId>de.iip-ecosphere.platform</groupId>
            <artifactId>support.aas.basyx</artifactId>
            <version>${project.version}</version>
            <exclusions>
                <exclusion>
                    <groupId>javax.el</groupId>
                    <artifactId>el-api</artifactId>
                </exclusion>
            </exclusions>
        </dependency>
        <dependency>
            <groupId>de.iip-ecosphere.platform</groupId>
            <artifactId>transport.amqp</artifactId>
            <version>${project.version}</version>
        </dependency>
        <dependency>
            <groupId>org.springframework.boot</groupId>
            <artifactId>spring-boot-starter-web</artifactId>
        </dependency>
        <dependency>
            <groupId>org.springframework.boot</groupId>
            <artifactId>spring-boot-starter-actuator</artifactId>
        </dependency>
        <dependency>
            <groupId>javax.activation</groupId>
            <artifactId>javax.activation-api</artifactId>
        </dependency>
        <dependency>
            <groupId>junit</groupId>
            <artifactId>junit</artifactId>
            <version>4.12</version>
            <scope>test</scope>
        </dependency>
        <dependency>
            <groupId>de.iip-ecosphere.platform</groupId>
            <artifactId>support.metrics.bitmotec</artifactId>
            <version>0.7.0-SNAPSHOT</version>
        </dependency>
    </dependencies>
    <build>
        <plugins>
            <plugin>
                <groupId>org.apache.maven.plugins</groupId>
                <artifactId>maven-jar-plugin</artifactId>
                <version>2.3</version>
                <configuration>
                    <archive>
                        <manifest>
                            <mainClass>de.iip_ecosphere.platform.support.LifecycleHandler$WaitingStarter</mainClass>
                        </manifest>
                    </archive>
                </configuration>
            </plugin>
            <plugin>
                <groupId>de.iip-ecosphere.platform</groupId>
                <artifactId>dependency-plugin</artifactId>
                <version>${project.version}</version>
                <executions>
                    <execution>
                        <id>copy-dependencies</id>
                        <goals>
                            <goal>copy-dependencies</goal>
                        </goals>
                        <phase>package</phase>
                        <configuration>
                            <prependGroupId>true</prependGroupId>
                            <outputDirectory>../ecsSvcJars-bitmotec</outputDirectory>
                            <overWriteReleases>false</overWriteReleases>
                            <overWriteSnapshots>true</overWriteSnapshots>
                            <overWriteIfNewer>true</overWriteIfNewer>
                        </configuration>
                    </execution>
                    <execution>
                        <id>copy-self</id>
                        <goals>
                            <goal>copy</goal>
                        </goals>
                        <phase>install</phase>
                        <configuration>
                            <artifactItems>
                                <artifactItem>
                                    <groupId>${project.groupId}</groupId>
                                    <artifactId>${project.artifactId}</artifactId>
                                    <version>${project.version}</version>
                                    <type>${project.packaging}</type>
                                </artifactItem>
                            </artifactItems>
                            <prependGroupId>true</prependGroupId>
                            <outputDirectory>../ecsSvcJars-bitmotec</outputDirectory>
                        </configuration>
                    </execution>
                    <execution>
                        <id>build-classpath-win</id>
                        <phase>prepare-package</phase>
                        <goals>
                            <goal>build-classpath</goal>
                        </goals>
                        <configuration>
                            <outputFile>../ecsSvcJars-bitmotec/classpath.win</outputFile>
                            <prependGroupId>true</prependGroupId>
                            <overWriteIfNewer>true</overWriteIfNewer>
                            <localRepoProperty>ecsSvcJars-bitmotec</localRepoProperty>
                            <prefix>ecsSvcJars-bitmotec</prefix>
                            <fileSeparator>\</fileSeparator>
                            <pathSeparator>;</pathSeparator>
                            <includeScope>runtime</includeScope>
                            <prepends>
                                <prepend>ecsSvcJars-bitmotec\de.iip-ecosphere.platform.ecsServices.exec-bitmotec-0.7.0-SNAPSHOT.jar</prepend>
                            </prepends>
                        </configuration>
                    </execution>
                    <execution>
                        <id>build-classpath-ux</id>
                        <phase>prepare-package</phase>
                        <goals>
                            <goal>build-classpath</goal>
                        </goals>
                        <configuration>
                            <outputFile>../ecsSvcJars-bitmotec/classpath.ux</outputFile>
                            <prependGroupId>true</prependGroupId>
                            <overWriteIfNewer>true</overWriteIfNewer>
                            <localRepoProperty>ecsSvcJars-bitmotec</localRepoProperty>
                            <prefix>ecsSvcJars-bitmotec</prefix>
                            <fileSeparator>/</fileSeparator>
                            <pathSeparator>:</pathSeparator>
                            <includeScope>runtime</includeScope>
                            <prepends>
                                <prepend>ecsSvcJars-bitmotec/de.iip-ecosphere.platform.ecsServices.exec-bitmotec-0.7.0-SNAPSHOT.jar</prepend>
                            </prepends>
                        </configuration>
                    </execution>
                </executions>
            </plugin>
            <plugin>
                <groupId>org.apache.maven.plugins</groupId>
                <artifactId>maven-resources-plugin</artifactId>
                <version>3.2.0</version>
                <executions>
                    <execution>
                        <id>dev-res</id>
                        <goals>
                            <goal>copy-resources</goal>
                        </goals>
                        <phase>validate</phase>
                        <configuration>
                            <outputDirectory>${project.build.outputDirectory}/resources</outputDirectory>
                            <resources>
                                <resource>
                                    <directory>./resources/devices</directory>
                                    <filtering>false</filtering>
                                    <include>*.yml</include>
                                    <include>*.png</include>
                                    <include>*.jpg</include>
                                </resource>
                            </resources>
                        </configuration>
                    </execution>
                    <execution>
                        <id>platf-res</id>
                        <goals>
                            <goal>copy-resources</goal>
                        </goals>
                        <phase>validate</phase>
                        <configuration>
                            <outputDirectory>${project.build.outputDirectory}/resources</outputDirectory>
                            <resources>
                                <resource>
                                    <directory>./resources/platform</directory>
                                    <filtering>false</filtering>
                                    <include>*.yml</include>
                                    <include>*.png</include>
                                    <include>*.jpg</include>
                                </resource>
                            </resources>
                        </configuration>
                    </execution>
                </executions>
            </plugin>
        </plugins>
    </build>
</project>
