amqp:
    port: 8883
    user: user
    password: pwd
transport:
    host: localhost
    port: 8883
    user: user
    password: pwd
metricsprovider:
    schedulerrate: 3000
    memorybaseunit: kilobytes
    diskbaseunit: megabytes
management:
    health:
        binders:
            enabled: true
    endpoints:
        web:
            exposure:
                include: "metrics"
spring:
    main:
        banner-mode: off
    cloud:
        function:
            definition: receiveRec1_SimpleReceiver;createRec1_SimpleSource
        source: createRec1_SimpleSource
        stream:
            default:
                contentType: application/iip
            bindings:
                createRec1_SimpleSource-in-0:
                    producer:
                        useNativeEncoding: true
                receiveRec1_SimpleReceiver-in-0:
                    destination: createRec1_SimpleSource
                
