amqp:
    host: localhost
    port: 8883
    actionTimeout: 1000
    authenticationKey: amqp
transport:
    host: localhost
    port: 8883
    actionTimeout: 1000
    authenticationKey: amqp
    gatewayPort: -1
monitoringUpdatePeriod: 2000
aas:
  server:
    port: 9001
    host: 127.0.0.1
    schema: HTTP
  registry:
    port: 9002
    host: 127.0.0.1
    schema: HTTP
    path: registry
  implementation:
    port: -1
    host: 127.0.0.1
    schema: TCP
    protocol: VAB-TCP
  accessControlAllowOrigin: '*'
binders:
    properties:
       internal:
           type: amqpBinder
           environment:
               amqp:
                   host: localhost
                   port: 8883
                   actionTimeout: 1000
                   authenticationKey: amqp
       external:
           type: amqpBinder
           environment:
               amqp:
                   host: localhost
                   port: 8883
                   actionTimeout: 1000
                   authenticationKey: amqp
metricsprovider:
    schedulerrate: 3000
    memorybaseunit: kilobytes
    diskbaseunit: megabytes
management:
    health:
        binders:
            enabled: true
    endpoints:
        web:
            exposure:
                include: metrics
spring:
    main:
        banner-mode: 'off'
    cloud:
        function:
            definition: createMyConnPltfIn_myMqttConn;createMyConnPltfIn_myOpcConn;createString_mySource;receiveString_MyReceiver;transformRec1String_myKi
        stream:
            default:
                contentType: application/iip
            defaultBinder: internal
            bindings:
             receiveString_MyReceiver-in-0:
                destination: data_transformString_myKi_myApp
             transformRec1String_myKi-in-0:
                destination: data_processRec1_myAnonymizer_myApp
                producer: 
                  useNativeEncoding: true
             transformRec1String_myKi-out-0:
                destination: data_transformString_myKi_myApp
            binders:
                properties:
                   internal:
                       type: amqpBinder
                       environment:
                           amqp:
                               host: localhost
                               port: 8883
                               actionTimeout: 1000
                               authenticationKey: amqp
                   external:
                       type: amqpBinder
                       environment:
                           amqp:
                               host: localhost
                               port: 8883
                               actionTimeout: 1000
                               authenticationKey: amqp
