amqp:
    host: localhost
    port: 8883
    authenticationKey: amqp
transport:
    host: localhost
    port: 8883
    authenticationKey: amqp
aas:
  server:
    port: 9001
    host: 127.0.0.1
    schema: HTTP
    path: 
  registry:
    port: 9002
    host: 127.0.0.1
    schema: HTTP
    path: registry
  implementation:
    port: -1
    host: 127.0.0.1
    netmask: 
    schema: HTTP
    protocol: VAB-TCP
binders:
    properties:
       internal:
           type: amqpBinder
           environment:
               amqp:
                   host: localhost
                   port: 8883
                   authenticationKey: amqp
       external:
           type: amqpBinder
           environment:
               amqp:
                   host: localhost
                   port: 8883
                   authenticationKey: amqp
metricsprovider:
    schedulerrate: 3000
    memorybaseunit: kilobytes
    diskbaseunit: megabytes
management:
    health:
        binders:
            enabled: true
    endpoints:
        web:
            exposure:
                include: "metrics"
spring:
    main:
        banner-mode: off
    cloud:
        function:
            definition: createRec13_SimpleSource3;receiveRec13_SimpleReceiver3;transformRec13Rec13_SimpleTransformer3
        stream:
            poller:
                fixedDelay: 800
            default:
                contentType: application/iip
            defaultBinder: internal
            bindings:
             createRec13_SimpleSource3-out-0:
                destination: createRec13_SimpleSource3
             receiveRec13_SimpleReceiver3-in-0:
                destination: transformRec13Rec13_SimpleTransformer3
             transformRec13Rec13_SimpleTransformer3-in-0:
                destination: createRec13_SimpleSource3
             transformRec13Rec13_SimpleTransformer3-out-0:
                destination: transformRec13Rec13_SimpleTransformer3
            binders:
                properties:
                   internal:
                       type: amqpBinder
                       environment:
                           amqp:
                               host: localhost
                               port: 8883
                               authenticationKey: amqp
                   external:
                       type: amqpBinder
                       environment:
                           amqp:
                               host: localhost
                               port: 8883
                               authenticationKey: amqp
