transport:
    host: localhost
    port: 8883
    user: user
    password: pwd
aas:
    server:
        port: 9001
        host: 127.0.0.1
        schema: HTTP
        path: 
    registry:
        port: 9002
        host: 127.0.0.1
        schema: HTTP
        path: registry
    implementation:
        port: 9003
        host: 127.0.0.1
        netmask: 
        schema: HTTP
        protocol: VAB-TCP
    persistence: INMEMORY
netMgr:
  netmask: 
