arr = [0,1,2,3,4,5]
for elem in arr:
    print(elem)
for elem in range(0, 4):
    print(elem)
for elem in range(0, 6, 2):
    print(elem)
