<project xmlns="http://maven.apache.org/POM/4.0.0" xmlns:xsi="http://www.w3.org/2001/XMLSchema-instance" xsi:schemaLocation="http://maven.apache.org/POM/4.0.0 http://maven.apache.org/xsd/maven-4.0.0.xsd">
    <modelVersion>4.0.0</modelVersion>
    <artifactId>apps.AppInterfacesKodex</artifactId>
    <packaging>jar</packaging>
    <name>apps.AppInterfacesKodex</name>
    <description>Shared application interfaces</description>
    <groupId>de.iip-ecosphere.platform</groupId>
    <version>0.7.0-SNAPSHOT</version>
    <parent>
        <groupId>de.iip-ecosphere.platform</groupId>
        <artifactId>platformDependencies</artifactId>
        <version>0.7.0-SNAPSHOT</version>
        <relativePath/>
    </parent>
    <properties>
        <maven.jar.forceCreation>true</maven.jar.forceCreation>
    </properties>
    <dependencies>
        <dependency>
            <groupId>org.apache.logging.log4j</groupId>
            <artifactId>log4j-api</artifactId>
            <version>2.15.0</version>
        </dependency>
        <dependency>
            <groupId>org.apache.logging.log4j</groupId>
            <artifactId>log4j-core</artifactId>
            <version>2.15.0</version>
        </dependency>
        <dependency>
            <groupId>de.iip-ecosphere.platform</groupId>
            <artifactId>support</artifactId>
            <version>0.7.0-SNAPSHOT</version>
        </dependency>
        <dependency>
            <groupId>de.iip-ecosphere.platform</groupId>
            <artifactId>support.aas</artifactId>
            <version>0.7.0-SNAPSHOT</version>
        </dependency>
        <dependency>
            <groupId>de.iip-ecosphere.platform</groupId>
            <artifactId>transport</artifactId>
            <version>0.7.0-SNAPSHOT</version>
        </dependency>
        <dependency>
            <groupId>de.iip-ecosphere.platform</groupId>
            <artifactId>connectors</artifactId>
            <version>0.7.0-SNAPSHOT</version>
        </dependency>
        <dependency>
            <groupId>de.iip-ecosphere.platform</groupId>
            <artifactId>services.environment</artifactId>
            <version>0.7.0-SNAPSHOT</version>
        </dependency>
        <dependency>
            <groupId>org.glassfish</groupId>
            <artifactId>jakarta.el</artifactId>
            <optional>false</optional>
        </dependency>
    </dependencies>
    <build>
        <plugins>
            <plugin>
                <groupId>org.apache.maven.plugins</groupId>
                <artifactId>maven-assembly-plugin</artifactId>
                <version>3.1.1</version>
                <executions>
                    <execution>
                        <id>python</id>
                        <phase>package</phase>
                        <goals>
                            <goal>single</goal>
                        </goals>
                        <configuration>
                            <descriptors>
                                <descriptor>src/main/assembly/pythonInterfaces.xml</descriptor>
                            </descriptors>
                            <outputDirectory>${project.build.directory}</outputDirectory>
                            <attach>true</attach>
                        </configuration>
                    </execution>
                </executions>
            </plugin>
            <plugin>
                <groupId>de.iip-ecosphere.platform</groupId>
                <artifactId>dependency-plugin</artifactId>
                <version>0.7.0-SNAPSHOT</version>
                <executions>
                    <execution>
                        <id>copy-dependencies</id>
                        <goals>
                            <goal>copy-dependencies</goal>
                        </goals>
                        <phase>prepare-package</phase>
                        <configuration>
                            <prependGroupId>false</prependGroupId>
                            <outputDirectory>${project.build.directory}/jars</outputDirectory>
                            <overWriteReleases>false</overWriteReleases>
                            <overWriteSnapshots>true</overWriteSnapshots>
                            <overWriteIfNewer>true</overWriteIfNewer>
                            <excludeArtifactIds>tomcat-catalina, tomcat-coyote, tomcat-util, tomcat-api, tomcat-annotations-api, tomcat-util, tomcat-jaspic-api, tomcat-jni, tomcat-juli, tomcat-servlet-api, tomcat-util, tomcat-util-scan, tomcat-el-api</excludeArtifactIds>
                            <includeScope>runtime</includeScope>
                        </configuration>
                    </execution>
                    <execution>
                        <id>build-classpath</id>
                        <phase>prepare-package</phase>
                        <goals>
                            <goal>build-classpath</goal>
                        </goals>
                        <configuration>
                            <outputFile>${project.build.directory}/classes/classpath</outputFile>
                            <prependGroupId>false</prependGroupId>
                            <overWriteIfNewer>true</overWriteIfNewer>
                            <localRepoProperty>jars</localRepoProperty>
                            <prefix>jars</prefix>
                            <fileSeparator>/</fileSeparator>
                            <pathSeparator>:</pathSeparator>
                            <includeScope>runtime</includeScope>
                        </configuration>
                    </execution>
                </executions>
            </plugin>
            <plugin>
                <groupId>org.apache.maven.plugins</groupId>
                <artifactId>maven-resources-plugin</artifactId>
                <version>3.2.0</version>
                <executions>
                    <execution>
                        <id>platf-res</id>
                        <goals>
                            <goal>copy-resources</goal>
                        </goals>
                        <phase>validate</phase>
                        <configuration>
                            <outputDirectory>${project.build.outputDirectory}/resources</outputDirectory>
                            <resources>
                                <resource>
                                    <directory>./resources/platform</directory>
                                    <filtering>false</filtering>
                                    <include>*.jpg</include>
                                    <include>*.png</include>
                                    <include>*.yml</include>
                                </resource>
                            </resources>
                        </configuration>
                    </execution>
                    <execution>
                        <id>sw-res</id>
                        <goals>
                            <goal>copy-resources</goal>
                        </goals>
                        <phase>validate</phase>
                        <configuration>
                            <outputDirectory>${project.build.outputDirectory}/resources</outputDirectory>
                            <resources>
                                <resource>
                                    <directory>./resources/software</directory>
                                    <filtering>false</filtering>
                                    <include>*.jpg</include>
                                    <include>*.png</include>
                                    <include>*.yml</include>
                                </resource>
                            </resources>
                        </configuration>
                    </execution>
                </executions>
            </plugin>
            <plugin>
                <groupId>org.apache.maven.plugins</groupId>
                <artifactId>maven-clean-plugin</artifactId>
                <version>2.5</version>
                <executions>
                    <execution>
                        <id>auto-clean</id>
                        <phase>initialize</phase>
                        <goals>
                            <goal>clean</goal>
                        </goals>
                        <configuration>
                            <excludeDefaultDirectories>true</excludeDefaultDirectories>
                            <filesets>
                                <fileset>
                                    <directory>${project.build.directory}</directory>
                                    <includes>
                                        <include>*-bin.jar</include>
                                        <include>*-spring.jar</include>
                                    </includes>
                                </fileset>
                            </filesets>
                        </configuration>
                    </execution>
                </executions>
            </plugin>
        </plugins>
    </build>
</project>
