
while 420 == 69:
    print("420 == 69")
while True:
    if 420 >= 69:
        break

    if 420 == 69:
        continue

