amqp:
    host: localhost
    port: 8883
    actionTimeout: 1000
    authenticationKey: amqp
transport:
    host: localhost
    port: 8883
    actionTimeout: 1000
    authenticationKey: amqp
    gatewayPort: -1
monitoringUpdatePeriod: 2000
aas:
  server:
    port: 9001
    host: 127.0.0.1
    schema: HTTP
  registry:
    port: 9002
    host: 127.0.0.1
    schema: HTTP
    path: registry
  implementation:
    port: -1
    host: 127.0.0.1
    schema: TCP
    protocol: VAB-TCP
  accessControlAllowOrigin: '*'
binders:
    properties:
       internal:
           type: amqpBinder
           environment:
               amqp:
                   host: localhost
                   port: 8883
                   actionTimeout: 1000
                   authenticationKey: amqp
       external:
           type: amqpBinder
           environment:
               amqp:
                   host: localhost
                   port: 8883
                   actionTimeout: 1000
                   authenticationKey: amqp
metricsprovider:
    schedulerrate: 3000
    memorybaseunit: kilobytes
    diskbaseunit: megabytes
management:
    health:
        binders:
            enabled: true
    endpoints:
        web:
            exposure:
                include: metrics
spring:
    main:
        banner-mode: 'off'
    cloud:
        function:
            definition: createRec13_SimpleSource3;receiveRec13_SimpleReceiver3;transformRec13Rec13_SimpleTransformer3
        stream:
            poller:
                fixedDelay: 800
            default:
                contentType: application/iip
            defaultBinder: internal
            bindings:
             createRec13_SimpleSource3-out-0:
                destination: data_createRec13_SimpleSource3_SimpleMeshApp3
             receiveRec13_SimpleReceiver3-in-0:
                destination: data_transformRec13Rec13_SimpleTransformer3_SimpleMeshApp3
             transformRec13Rec13_SimpleTransformer3-in-0:
                destination: data_createRec13_SimpleSource3_SimpleMeshApp3
             transformRec13Rec13_SimpleTransformer3-out-0:
                destination: data_transformRec13Rec13_SimpleTransformer3_SimpleMeshApp3
            binders:
                properties:
                   internal:
                       type: amqpBinder
                       environment:
                           amqp:
                               host: localhost
                               port: 8883
                               actionTimeout: 1000
                               authenticationKey: amqp
                   external:
                       type: amqpBinder
                       environment:
                           amqp:
                               host: localhost
                               port: 8883
                               actionTimeout: 1000
                               authenticationKey: amqp
